Circuit: *Fanout-of-4 (FO4) inverter delay (for a realistic inverter)

Model "pmos": Oxide thickness thinner than recommended for a level 3 MOSFET.
Model "nmos": Oxide thickness thinner than recommended for a level 3 MOSFET.
Instance "m:4:2": Length shorter than recommended for a level 3 MOSFET.
Instance "m:3:2": Length shorter than recommended for a level 3 MOSFET.
Instance "m:2:2": Length shorter than recommended for a level 3 MOSFET.
Instance "m:1:2": Length shorter than recommended for a level 3 MOSFET.
Instance "m:4:1": Length shorter than recommended for a level 3 MOSFET.
Instance "m:3:1": Length shorter than recommended for a level 3 MOSFET.
Instance "m:2:1": Length shorter than recommended for a level 3 MOSFET.
Instance "m:1:1": Length shorter than recommended for a level 3 MOSFET.
Instance "m:1:1": Width narrower than recommended for a level 3 MOSFET.
Direct Newton iteration for .op point succeeded.

Date: Sat May 30 16:26:23 2026
Total elapsed time: 0.410 seconds.

tnom = 27
temp = 70
method = modified trap
totiter = 2236
traniter = 2218
tranpoints = 1097
accept = 1080
rejected = 17
matrix size = 12
fillins = 3
solver = Normal
Matrix Compiler1: 842 bytes object code size  0.4/0.3/[0.2]
Matrix Compiler2: 988 bytes object code size  0.3/0.3/[0.2]

