Circuit: *Inverter propagation delay

Model "pmos": Oxide thickness thinner than recommended for a level 3 MOSFET.
Model "nmos": Oxide thickness thinner than recommended for a level 3 MOSFET.
Instance "m10": Length shorter than recommended for a level 3 MOSFET.
Instance "m8": Length shorter than recommended for a level 3 MOSFET.
Instance "m6": Length shorter than recommended for a level 3 MOSFET.
Instance "m4": Length shorter than recommended for a level 3 MOSFET.
Instance "m2": Length shorter than recommended for a level 3 MOSFET.
Instance "m9": Length shorter than recommended for a level 3 MOSFET.
Instance "m7": Length shorter than recommended for a level 3 MOSFET.
Instance "m5": Length shorter than recommended for a level 3 MOSFET.
Instance "m3": Length shorter than recommended for a level 3 MOSFET.
Instance "m1": Length shorter than recommended for a level 3 MOSFET.
Instance "m1": Width narrower than recommended for a level 3 MOSFET.
Direct Newton iteration for .op point succeeded.

Date: Fri May 29 19:55:41 2026
Total elapsed time: 0.050 seconds.

tnom = 27
temp = 27
method = modified trap
totiter = 2158
traniter = 2149
tranpoints = 1056
accept = 1051
rejected = 5
matrix size = 9
fillins = 0
solver = Normal
Matrix Compiler1: 548 bytes object code size  0.3/0.2/[0.1]
Matrix Compiler2: 691 bytes object code size  0.2/0.2/[0.1]

