Circuit: *

Model "pmos": Oxide thickness thinner than recommended for a level 3 MOSFET.
Model "nmos": Oxide thickness thinner than recommended for a level 3 MOSFET.
Instance "m4": Length shorter than recommended for a level 3 MOSFET.
Instance "m2": Length shorter than recommended for a level 3 MOSFET.
Instance "m3": Length shorter than recommended for a level 3 MOSFET.
Instance "m1": Length shorter than recommended for a level 3 MOSFET.
Instance "m1": Width narrower than recommended for a level 3 MOSFET.
Direct Newton iteration for .op point succeeded.

Date: Sat May 30 14:58:53 2026
Total elapsed time: 0.032 seconds.

tnom = 27
temp = 27
method = modified trap
totiter = 2338
traniter = 2327
tranpoints = 1107
accept = 1089
rejected = 18
matrix size = 6
fillins = 0
solver = Normal
Matrix Compiler1: 272 bytes object code size  0.1/0.1/[0.1]
Matrix Compiler2: 424 bytes object code size  0.1/0.1/[0.1]

